[paul-themes.com/html/skape/homepage-07.html]
[backblue.gif]
[fade.gif]
[index.html]
[paul-themes.com/html/skape/assets/img/root/favicon.svg]
[paul-themes.com/html/skape/assets/fonts/Swansea/style.css]
[paul-themes.com/html/skape/assets/css/framework/bootstrap.min.css]
[paul-themes.com/html/skape/assets/fonts/Skape/style.css]
[paul-themes.com/html/skape/assets/fonts/Socicons/socicon.css]
[paul-themes.com/html/skape/assets/css/vlt-main.min.css]
[paul-themes.com/html/skape/assets/revo/css/settings.css]
[paul-themes.com/html/skape/assets/img/root/logo-black.png]
[paul-themes.com/html/skape/index.html]
[paul-themes.com/html/skape/assets/img/root/logo-white.png]
[paul-themes.com/html/skape/homepage-01.html]
[paul-themes.com/html/skape/homepage-02.html]
[paul-themes.com/html/skape/homepage-04.html]
[paul-themes.com/html/skape/homepage-05.html]
[paul-themes.com/html/skape/homepage-06.html]
[paul-themes.com/html/skape/homepage-08.html]
[paul-themes.com/html/skape/homepage-09.html]
[paul-themes.com/html/skape/homepage-03.html]
[paul-themes.com/html/skape/homepage-10.html]
[paul-themes.com/html/skape/homepage-11.html]
[paul-themes.com/html/skape/homepage-12.html]
[paul-themes.com/html/skape/work-asymmetric-01.html]
[paul-themes.com/html/skape/work-asymmetric-03.html]
[paul-themes.com/html/skape/work-masonry-1-col.html]
[paul-themes.com/html/skape/work-masonry-3-col.html]
[paul-themes.com/html/skape/work-asymmetric-02.html]
[paul-themes.com/html/skape/work-masonry-2-col.html]
[paul-themes.com/html/skape/work-masonry-4-col.html]
[paul-themes.com/html/skape/work-grid-1-col.html]
[paul-themes.com/html/skape/work-grid-2-col.html]
[paul-themes.com/html/skape/work-grid-3-col.html]
[paul-themes.com/html/skape/work-grid-4-col.html]
[paul-themes.com/html/skape/work-wide-1-col.html]
[paul-themes.com/html/skape/assets/css/vlt-plugins.min.css]
[paul-themes.com/html/skape/work-wide-3-col.html]
[paul-themes.com/html/skape/work-wide-2-col.html]
[paul-themes.com/html/skape/work-tooltip-01.html]
[paul-themes.com/html/skape/work-tooltip-02.html]
[paul-themes.com/html/skape/work-wide-4-col.html]
[paul-themes.com/html/skape/work-tooltip-02-dark.html]
[paul-themes.com/html/skape/work-carousel-grid.html]
[paul-themes.com/html/skape/work-carousel-wide.html]
[paul-themes.com/html/skape/work-carousel-masonry.html]
[paul-themes.com/html/skape/single-work-01.html]
[paul-themes.com/html/skape/single-work-04.html]
[paul-themes.com/html/skape/single-work-03.html]
[paul-themes.com/html/skape/single-work-02.html]
[paul-themes.com/html/skape/about-us.html]
[paul-themes.com/html/skape/about-me.html]
[paul-themes.com/html/skape/services-01.html]
[paul-themes.com/html/skape/services-02.html]
[paul-themes.com/html/skape/service-single.html]
[paul-themes.com/html/skape/careers.html]
[paul-themes.com/html/skape/careers-single.html]
[paul-themes.com/html/skape/our-team.html]
[paul-themes.com/html/skape/coming-soon.html]
[paul-themes.com/html/skape/blog-grid-1-col.html]
[paul-themes.com/html/skape/page-404.html]
[paul-themes.com/html/skape/blog-grid-2-col.html]
[paul-themes.com/html/skape/blog-grid-3-col.html]
[paul-themes.com/html/skape/blog-grid-4-col.html]
[paul-themes.com/html/skape/blog-masonry-3-col.html]
[paul-themes.com/html/skape/blog-masonry-4-col.html]
[paul-themes.com/html/skape/blog-listing.html]
[paul-themes.com/html/skape/blog-right-sidebar.html]
[paul-themes.com/html/skape/single-post-01.html]
[paul-themes.com/html/skape/blog-tooltip.html]
[paul-themes.com/html/skape/single-post-02.html]
[paul-themes.com/html/skape/blog-masonry-2-col.html]
[paul-themes.com/html/skape/single-post-03.html]
[paul-themes.com/html/skape/single-post-04.html]
[paul-themes.com/html/skape/assets/revo/assets/background.png]
[paul-themes.com/html/skape/contact-02.html]
[paul-themes.com/html/skape/assets/revo/assets/shape.png]
[paul-themes.com/html/skape/assets/revo/assets/pattern.png]
[paul-themes.com/html/skape/assets/revo/assets/pattern-long.png]
[paul-themes.com/html/skape/assets/img/root/clients/client-logo-01.png]
[paul-themes.com/html/skape/assets/img/root/clients/client-logo-02.png]
[paul-themes.com/html/skape/assets/img/root/clients/client-logo-03.png]
[paul-themes.com/html/skape/contact-01.html]
[paul-themes.com/html/skape/assets/img/root/clients/client-logo-04.png]
[paul-themes.com/html/skape/assets/img/service-box-01.png]
[paul-themes.com/html/skape/assets/img/service-box-02.png]
[paul-themes.com/html/skape/assets/img/service-box-03.png]
[paul-themes.com/html/skape/assets/img/service-box-04.png]
[paul-themes.com/html/skape/assets/img/homepage-07-services-1.png]
[paul-themes.com/html/skape/assets/img/root/square-plus-pattern.png]
[paul-themes.com/html/skape/assets/img/portfolio/tooltip/work-tooltip-01.png]
[paul-themes.com/html/skape/assets/img/portfolio/tooltip/work-tooltip-02.png]
[paul-themes.com/html/skape/assets/img/portfolio/tooltip/work-tooltip-03.png]
[paul-themes.com/html/skape/assets/img/root/testimonial-background.png]
[paul-themes.com/html/skape/assets/img/homepage-07-services-2.png]
[paul-themes.com/html/skape/assets/img/root/pricing-table.png]
[paul-themes.com/html/skape/assets/img/root/square-plus-pattern-long.png]
[paul-themes.com/html/skape/assets/img/blog/grid/grid-3-col-1.png]
[paul-themes.com/html/skape/assets/img/blog/grid/grid-3-col-2.png]
[paul-themes.com/html/skape/assets/img/blog/grid/grid-3-col-3.png]
[paul-themes.com/html/skape/assets/img/blog/grid/grid-3-col-4.png]
[paul-themes.com/cdn-cgi/scripts/5c5dd728/cloudflare-static/email-decode.min.js]
[paul-themes.com/html/skape/assets/vendors/jquery-3.5.1.min.js]
[paul-themes.com/html/skape/assets/scripts/vlt-helpers.js]
[paul-themes.com/html/skape/assets/revo/jquery.themepunch.revolution.min.js]
[paul-themes.com/html/skape/assets/revo/extensions/revolution.extension.actions.min.js]
[paul-themes.com/html/skape/assets/revo/jquery.themepunch.tools.min.js]
[paul-themes.com/html/skape/assets/revo/extensions/revolution.extension.carousel.min.js]
[paul-themes.com/html/skape/assets/revo/extensions/revolution.extension.kenburn.min.js]
[paul-themes.com/html/skape/assets/scripts/vlt-controllers.min.js]
[paul-themes.com/html/skape/assets/revo/extensions/revolution.extension.migration.min.js]
[paul-themes.com/html/skape/assets/revo/extensions/revolution.extension.layeranimation.min.js]
[paul-themes.com/html/skape/assets/revo/extensions/revolution.extension.navigation.min.js]
[paul-themes.com/html/skape/assets/revo/extensions/revolution.extension.parallax.min.js]
[paul-themes.com/html/skape/homepage-07.html]
[paul-themes.com/html/skape/assets/img/root/favicon.svg]
[paul-themes.com/html/skape/assets/css/framework/bootstrap.min.css]
[paul-themes.com/html/skape/assets/revo/extensions/revolution.extension.slideanims.min.js]
[paul-themes.com/html/skape/assets/revo/extensions/revolution.extension.video.min.js]
[paul-themes.com/html/skape/assets/scripts/vlt-plugins.min.js]
[paul-themes.com/html/skape/assets/fonts/Swansea/style.css]
[paul-themes.com/html/skape/assets/fonts/Swansea/swansea-webfont.woff]
[paul-themes.com/html/skape/assets/fonts/Skape/fonts/Skape3c13.eot]
[paul-themes.com/html/skape/assets/fonts/Skape/fonts/Skape3c13.ttf]
[paul-themes.com/html/skape/assets/fonts/Skape/fonts/Skape3c13.woff]
[paul-themes.com/html/skape/assets/fonts/Skape/style.css]
[paul-themes.com/html/skape/assets/fonts/Swansea/swansea_bold-webfont.woff]
[paul-themes.com/html/skape/assets/fonts/Skape/fonts/Skape3c13.svg]
[paul-themes.com/html/skape/assets/fonts/Socicons/Sociconb8b7.eot]
[paul-themes.com/html/skape/assets/fonts/Socicons/socicon.css]
[paul-themes.com/html/skape/assets/css/vlt-plugins.min.css]
[paul-themes.com/html/skape/assets/img/root/architecture-shape.png]
[paul-themes.com/html/skape/assets/fonts/Socicons/Sociconb8b7.svg]
[paul-themes.com/html/skape/assets/img/root/footer-shape-1.png]
[paul-themes.com/html/skape/assets/fonts/Socicons/Sociconb8b7.ttf]
[paul-themes.com/html/skape/assets/img/root/footer-style-2.png]
[paul-themes.com/html/skape/assets/img/root/footer-shape-2.png]
[paul-themes.com/html/skape/assets/css/vlt-main.min.css]
[paul-themes.com/html/skape/assets/css/custom.css]
[paul-themes.com/html/skape/assets/revo/fonts/revicons/revicons90c6.eot]
[paul-themes.com/html/skape/assets/revo/fonts/revicons/revicons90c6.woff]
[paul-themes.com/html/skape/assets/fonts/Socicons/Sociconb8b7.woff]
[paul-themes.com/html/skape/assets/revo/fonts/revicons/revicons90c6.ttf]
[paul-themes.com/html/skape/assets/revo/fonts/revicons/revicons90c6.svg]
[paul-themes.com/html/skape/assets/revo/assets/gridtile.png]
[paul-themes.com/html/skape/assets/revo/assets/gridtile_white.png]
[paul-themes.com/html/skape/assets/revo/assets/gridtile_3x3.png]
[paul-themes.com/html/skape/assets/revo/assets/gridtile_3x3_white.png]
[paul-themes.com/html/skape/assets/revo/assets/coloredbg.png]
[paul-themes.com/html/skape/assets/revo/assets/loader.gif]
[paul-themes.com/html/skape/assets/revo/css/settings.css]
[paul-themes.com/html/skape/assets/revo/assets/transparent.png]
[paul-themes.com/html/skape/assets/revo/assets/landing-shape-1.png]
[paul-themes.com/html/skape/assets/revo/assets/landing-shape-3.png]
[paul-themes.com/html/skape/assets/revo/assets/landing-shape-2.png]
[paul-themes.com/html/skape/assets/revo/assets/pattern-long-white.png]
[paul-themes.com/html/skape/assets/img/landing/homepage-01.png]
[paul-themes.com/html/skape/assets/img/landing/homepage-02.png]
[paul-themes.com/html/skape/assets/img/landing/homepage-03.png]
[paul-themes.com/html/skape/assets/img/landing/homepage-12.png]
[paul-themes.com/html/skape/assets/img/landing/homepage-05.png]
[paul-themes.com/html/skape/assets/img/landing/homepage-04.png]
[paul-themes.com/html/skape/assets/img/landing/homepage-07.png]
[paul-themes.com/html/skape/assets/img/landing/homepage-06.png]
[paul-themes.com/html/skape/assets/img/landing/homepage-08.png]
[paul-themes.com/html/skape/assets/img/landing/homepage-09.png]
[paul-themes.com/html/skape/assets/img/landing/homepage-10.png]
[paul-themes.com/html/skape/assets/img/landing/homepage-11.png]
[paul-themes.com/html/skape/assets/img/landing/work-grid.png]
[paul-themes.com/html/skape/assets/img/landing/work-masonry.png]
[paul-themes.com/html/skape/assets/img/landing/work-wide.png]
[paul-themes.com/html/skape/assets/img/landing/work-asymmetric-01.png]
[paul-themes.com/html/skape/assets/img/landing/work-asymmetric-02.png]
[paul-themes.com/html/skape/assets/img/landing/work-asymmetric-03.png]
[paul-themes.com/html/skape/assets/img/landing/work-tooltip.png]
[paul-themes.com/html/skape/assets/img/landing/single-work-01.png]
[paul-themes.com/html/skape/assets/img/landing/single-work-02.png]
[paul-themes.com/html/skape/assets/img/landing/single-work-03.png]
[paul-themes.com/html/skape/assets/img/landing/single-work-04.png]
[paul-themes.com/html/skape/assets/img/landing/blog-grid.png]
[paul-themes.com/html/skape/assets/img/landing/blog-list.png]
[paul-themes.com/html/skape/assets/img/landing/blog-masonry.png]
[paul-themes.com/html/skape/assets/img/landing/blog-sidebar.png]
[paul-themes.com/html/skape/assets/img/landing/blog-tooltip.png]
[paul-themes.com/html/skape/assets/img/landing/single-post-1.png]
[paul-themes.com/html/skape/assets/img/landing/single-post-2.png]
[paul-themes.com/html/skape/assets/img/landing/single-post-3.png]
[paul-themes.com/html/skape/assets/img/landing/single-post-4.png]
[paul-themes.com/html/skape/assets/img/landing/marquee-pages.png]
[paul-themes.com/html/skape/assets/img/banner-01.png]
[paul-themes.com/html/skape/index.html]
[paul-themes.com/html/skape/assets/img/homepage-01-background.png]
[paul-themes.com/html/skape/assets/img/homepage-01-about-2.png]
[paul-themes.com/html/skape/assets/img/homepage-01-about-1.png]
[paul-themes.com/html/skape/assets/img/portfolio/tooltip/work-tooltip-04.png]
[paul-themes.com/html/skape/assets/img/portfolio/tooltip/work-tooltip-05.png]
[paul-themes.com/html/skape/assets/img/portfolio/tooltip/work-tooltip-06.png]
[paul-themes.com/html/skape/assets/img/root/clients/client-logo-05.png]
[paul-themes.com/html/skape/assets/img/root/clients/client-logo-06.png]
[paul-themes.com/html/skape/assets/img/root/clients/client-logo-07.png]
[paul-themes.com/html/skape/assets/img/root/clients/client-logo-08.png]
[paul-themes.com/html/skape/assets/img/homepage-01-tab-background.png]
[paul-themes.com/html/skape/assets/img/homepage-01-tab-1.png]
[paul-themes.com/html/skape/assets/img/homepage-01-tab-2.png]
[paul-themes.com/html/skape/assets/img/homepage-01-tab-3.png]
[paul-themes.com/html/skape/assets/img/homepage-01-team-background.png]
[paul-themes.com/html/skape/assets/img/homepage-01-team-1.png]
[paul-themes.com/html/skape/assets/img/homepage-01-team-2.png]
[paul-themes.com/html/skape/assets/img/homepage-01-team-3.png]
[paul-themes.com/html/skape/contact-us.ca.delayed]
[paul-themes.com/html/skape/homepage-01.html]
[paul-themes.com/html/skape/assets/img/homepage-02-slider-1.png]
[paul-themes.com/html/skape/assets/img/homepage-02-slider-2.png]
[paul-themes.com/html/skape/assets/img/homepage-02-slider-3.png]
[paul-themes.com/html/skape/assets/img/homepage-02-about-mask-image.png]
[paul-themes.com/html/skape/assets/img/homepage-02-about-image-1.png]
[paul-themes.com/html/skape/assets/img/homepage-02-about-image-2.png]
[paul-themes.com/html/skape/assets/img/homepage-02-about-image-3.png]
[paul-themes.com/html/skape/assets/img/homepage-02-counter.png]
[paul-themes.com/html/skape/assets/img/portfolio/grid/grid-4-col-11.png]
[paul-themes.com/html/skape/assets/img/portfolio/grid/grid-4-col-13.png]
[paul-themes.com/html/skape/assets/img/portfolio/grid/grid-4-col-12.png]
[paul-themes.com/html/skape/assets/img/instagram/image-01.png]
[paul-themes.com/html/skape/assets/img/instagram/image-02.png]
[paul-themes.com/html/skape/assets/img/instagram/image-03.png]
[paul-themes.com/html/skape/assets/img/instagram/image-04.png]
[paul-themes.com/html/skape/homepage-02.html]
[paul-themes.com/html/skape/assets/img/homepage-03-slider-1.png]
[paul-themes.com/html/skape/assets/img/homepage-03-slider-2.png]
[paul-themes.com/html/skape/assets/img/homepage-03-slider-3.png]
[paul-themes.com/html/skape/assets/img/homepage-03-about.png]
[paul-themes.com/html/skape/assets/img/homepage-03-work-1.png]
[paul-themes.com/html/skape/assets/img/homepage-03-work-2.png]
[paul-themes.com/html/skape/assets/img/homepage-03-work-3.png]
[paul-themes.com/html/skape/assets/img/homepage-03-work-4.png]
[paul-themes.com/html/skape/assets/img/testimonial-avatar-01.png]
[paul-themes.com/html/skape/assets/img/testimonial-avatar-02.png]
[paul-themes.com/html/skape/assets/img/testimonial-avatar-03.png]
[paul-themes.com/html/skape/assets/img/video-banner-01.png]
[paul-themes.com/html/skape/assets/img/root/banner-red-shape.png]
[paul-themes.com/html/skape/homepage-03.html]
[paul-themes.com/html/skape/assets/img/root/homepage-04-shape.png]
[paul-themes.com/html/skape/assets/img/homepage-04.png]
[paul-themes.com/html/skape/assets/img/service-work-01.png]
[paul-themes.com/html/skape/assets/img/service-work-02.png]
[paul-themes.com/html/skape/assets/img/service-work-03.png]
[paul-themes.com/html/skape/assets/img/service-work-04.png]
[paul-themes.com/html/skape/assets/img/homepage-04-about.png]
[paul-themes.com/html/skape/assets/img/homepage-04-blog-1.png]
[paul-themes.com/html/skape/assets/img/homepage-04-blog-2.png]
[paul-themes.com/html/skape/assets/img/homepage-04-blog-3.png]
[paul-themes.com/html/skape/homepage-04.html]
[paul-themes.com/html/skape/assets/img/homepage-showcase-16.png]
[paul-themes.com/html/skape/assets/img/homepage-showcase-18.png]
[paul-themes.com/html/skape/assets/img/homepage-showcase-19.png]
[paul-themes.com/html/skape/assets/img/homepage-showcase-20.png]
[paul-themes.com/html/skape/assets/img/homepage-showcase-17.png]
[paul-themes.com/html/skape/homepage-05.html]
[paul-themes.com/html/skape/assets/img/root/offcanvas-menu-background.png]
[paul-themes.com/html/skape/assets/img/homepage-06-title.png]
[paul-themes.com/html/skape/assets/img/portfolio/asymmetric/work-asymmetric-1.png]
[paul-themes.com/html/skape/assets/img/portfolio/asymmetric/work-asymmetric-2.png]
[paul-themes.com/html/skape/assets/img/portfolio/asymmetric/work-asymmetric-3.png]
[paul-themes.com/html/skape/assets/img/portfolio/asymmetric/work-asymmetric-4.png]
[paul-themes.com/html/skape/assets/img/portfolio/asymmetric/work-asymmetric-21.png]
[paul-themes.com/html/skape/assets/img/portfolio/asymmetric/work-asymmetric-22.png]
[paul-themes.com/html/skape/assets/img/homepage-06-blog-1.png]
[paul-themes.com/html/skape/assets/img/homepage-06-blog-2.png]
[paul-themes.com/html/skape/assets/img/homepage-06-blog-3.png]
[paul-themes.com/html/skape/homepage-06.html]
[paul-themes.com/html/skape/assets/img/root/logo-black-small.png]
[paul-themes.com/html/skape/assets/img/homepage-08.png]
[paul-themes.com/html/skape/assets/img/emoji.png]
[paul-themes.com/html/skape/assets/img/text-circle.png]
[paul-themes.com/html/skape/assets/img/portfolio/asymmetric/work-asymmetric-15.png]
[paul-themes.com/html/skape/assets/img/portfolio/asymmetric/work-asymmetric-16.png]
[paul-themes.com/html/skape/assets/img/portfolio/asymmetric/work-asymmetric-17.png]
[paul-themes.com/html/skape/assets/img/portfolio/asymmetric/work-asymmetric-18.png]
[paul-themes.com/html/skape/assets/img/portfolio/asymmetric/work-asymmetric-19.png]
[paul-themes.com/html/skape/homepage-08.html]
[paul-themes.com/html/skape/assets/img/homepage-showcase-08.png]
[paul-themes.com/html/skape/assets/img/homepage-showcase-07.png]
[paul-themes.com/html/skape/assets/img/homepage-showcase-09.png]
[paul-themes.com/html/skape/assets/img/homepage-showcase-10.png]
[paul-themes.com/html/skape/assets/img/homepage-showcase-11.png]
[paul-themes.com/html/skape/homepage-09.html]
[paul-themes.com/html/skape/assets/img/homepage-showcase-12.png]
[paul-themes.com/html/skape/assets/img/homepage-showcase-13.png]
[paul-themes.com/html/skape/assets/img/homepage-showcase-14.png]
[paul-themes.com/html/skape/assets/img/homepage-showcase-15.png]
[paul-themes.com/html/skape/homepage-10.html]
[paul-themes.com/html/skape/assets/img/homepage-showcase-01.png]
[paul-themes.com/html/skape/assets/img/homepage-showcase-02.png]
[paul-themes.com/html/skape/assets/img/homepage-showcase-03.png]
[paul-themes.com/html/skape/assets/img/homepage-showcase-04.png]
[paul-themes.com/html/skape/assets/img/homepage-showcase-05.png]
[paul-themes.com/html/skape/assets/img/homepage-showcase-06.png]
[paul-themes.com/html/skape/homepage-11.html]
[paul-themes.com/html/skape/assets/img/homepage-12-slide-1.png]
[paul-themes.com/html/skape/assets/img/homepage-12-slide-2.png]
[paul-themes.com/html/skape/assets/img/homepage-12-slide-3.png]
[paul-themes.com/html/skape/assets/img/homepage-12-background-2.png]
[paul-themes.com/html/skape/assets/img/homepage-12-image-1.png]
[paul-themes.com/html/skape/assets/img/homepage-12-image-2.png]
[paul-themes.com/html/skape/assets/img/homepage-12-types-1.png]
[paul-themes.com/html/skape/assets/img/homepage-12-types-2.png]
[paul-themes.com/html/skape/assets/img/homepage-12-types-3.png]
[paul-themes.com/html/skape/assets/img/counter-background.png]
[paul-themes.com/html/skape/assets/img/team-member-01.png]
[paul-themes.com/html/skape/assets/img/team-member-02.png]
[paul-themes.com/html/skape/assets/img/team-member-03.png]
[paul-themes.com/html/skape/assets/img/team-member-04.png]
[paul-themes.com/html/skape/assets/img/homepage-12-background.png]
[paul-themes.com/html/skape/assets/img/root/architecture-plus-pattern.png]
[paul-themes.com/html/skape/assets/img/homepage-12-image.png]
[paul-themes.com/html/skape/assets/img/homepage-12-banner.png]
[paul-themes.com/html/skape/homepage-12.html]
[paul-themes.com/html/skape/ajax/portfolio-13-load-more.html]
[paul-themes.com/html/skape/work-asymmetric-01.html]
[paul-themes.com/html/skape/assets/img/portfolio/asymmetric/work-asymmetric-7.png]
[paul-themes.com/html/skape/assets/img/portfolio/asymmetric/work-asymmetric-8.png]
[paul-themes.com/html/skape/assets/img/portfolio/asymmetric/work-asymmetric-9.png]
[paul-themes.com/html/skape/assets/img/portfolio/asymmetric/work-asymmetric-10.png]
[paul-themes.com/html/skape/assets/img/portfolio/asymmetric/work-asymmetric-11.png]
[paul-themes.com/html/skape/assets/img/portfolio/asymmetric/work-asymmetric-12.png]
[paul-themes.com/html/skape/ajax/portfolio-14-load-more.html]
[paul-themes.com/html/skape/work-asymmetric-02.html]
[paul-themes.com/html/skape/ajax/portfolio-15-load-more.html]
[paul-themes.com/html/skape/work-asymmetric-03.html]
[paul-themes.com/html/skape/assets/img/portfolio/masonry/masonry-1-col-1.png]
[paul-themes.com/html/skape/assets/img/portfolio/masonry/masonry-1-col-2.png]
[paul-themes.com/html/skape/assets/img/portfolio/masonry/masonry-1-col-3.png]
[paul-themes.com/html/skape/ajax/portfolio-08-load-more.html]
[paul-themes.com/html/skape/work-masonry-1-col.html]
[paul-themes.com/html/skape/assets/img/portfolio/masonry/masonry-4-col-1.png]
[paul-themes.com/html/skape/assets/img/portfolio/masonry/masonry-4-col-2.png]
[paul-themes.com/html/skape/assets/img/portfolio/masonry/masonry-4-col-3.png]
[paul-themes.com/html/skape/assets/img/portfolio/masonry/masonry-4-col-4.png]
[paul-themes.com/html/skape/assets/img/portfolio/masonry/masonry-4-col-6.png]
[paul-themes.com/html/skape/assets/img/portfolio/masonry/masonry-4-col-8.png]
[paul-themes.com/html/skape/ajax/portfolio-07-load-more.html]
[paul-themes.com/html/skape/work-masonry-2-col.html]
[paul-themes.com/html/skape/assets/img/portfolio/masonry/masonry-4-col-5.png]
[paul-themes.com/html/skape/ajax/portfolio-06-load-more.html]
[paul-themes.com/html/skape/work-masonry-3-col.html]
[paul-themes.com/html/skape/assets/img/portfolio/masonry/masonry-4-col-7.png]
[paul-themes.com/html/skape/ajax/portfolio-05-load-more.html]
[paul-themes.com/html/skape/work-masonry-4-col.html]
[paul-themes.com/html/skape/assets/img/projects-title-01.png]
[paul-themes.com/html/skape/assets/img/portfolio/grid/grid-1-col-1.png]
[paul-themes.com/html/skape/assets/img/portfolio/grid/grid-1-col-2.png]
[paul-themes.com/html/skape/assets/img/portfolio/grid/grid-1-col-3.png]
[paul-themes.com/html/skape/ajax/portfolio-04-load-more.html]
[paul-themes.com/html/skape/work-grid-1-col.html]
[paul-themes.com/html/skape/assets/img/portfolio/grid/grid-2-col-1.png]
[paul-themes.com/html/skape/assets/img/portfolio/grid/grid-2-col-2.png]
[paul-themes.com/html/skape/assets/img/portfolio/grid/grid-2-col-3.png]
[paul-themes.com/html/skape/assets/img/portfolio/grid/grid-2-col-4.png]
[paul-themes.com/html/skape/ajax/portfolio-03-load-more.html]
[paul-themes.com/html/skape/work-grid-2-col.html]
[paul-themes.com/html/skape/assets/img/portfolio/grid/grid-4-col-1.png]
[paul-themes.com/html/skape/assets/img/portfolio/grid/grid-4-col-2.png]
[paul-themes.com/html/skape/assets/img/portfolio/grid/grid-4-col-3.png]
[paul-themes.com/html/skape/assets/img/portfolio/grid/grid-4-col-4.png]
[paul-themes.com/html/skape/assets/img/portfolio/grid/grid-4-col-5.png]
[paul-themes.com/html/skape/assets/img/portfolio/grid/grid-4-col-6.png]
[paul-themes.com/html/skape/ajax/portfolio-02-load-more.html]
[paul-themes.com/html/skape/work-grid-3-col.html]
[paul-themes.com/html/skape/assets/img/portfolio/grid/grid-4-col-7.png]
[paul-themes.com/html/skape/assets/img/portfolio/grid/grid-4-col-8.png]
[paul-themes.com/html/skape/ajax/portfolio-01-load-more.html]
[paul-themes.com/html/skape/work-grid-4-col.html]
[paul-themes.com/html/skape/assets/img/portfolio/wide/wide-1-col-1.png]
[paul-themes.com/html/skape/assets/img/portfolio/wide/wide-1-col-2.png]
[paul-themes.com/html/skape/assets/img/portfolio/wide/wide-1-col-3.png]
[paul-themes.com/html/skape/ajax/portfolio-12-load-more.html]
[paul-themes.com/html/skape/work-wide-1-col.html]
[paul-themes.com/html/skape/assets/img/portfolio/wide/wide-4-col-1.png]
[paul-themes.com/html/skape/assets/img/portfolio/wide/wide-4-col-2.png]
[paul-themes.com/html/skape/assets/img/portfolio/wide/wide-4-col-3.png]
[paul-themes.com/html/skape/assets/img/portfolio/wide/wide-4-col-4.png]
[paul-themes.com/html/skape/ajax/portfolio-11-load-more.html]
[paul-themes.com/html/skape/work-wide-2-col.html]
[paul-themes.com/html/skape/assets/img/portfolio/wide/wide-4-col-5.png]
[paul-themes.com/html/skape/assets/img/portfolio/wide/wide-4-col-6.png]
[paul-themes.com/html/skape/ajax/portfolio-10-load-more.html]
[paul-themes.com/html/skape/work-wide-3-col.html]
[paul-themes.com/html/skape/assets/img/portfolio/wide/wide-4-col-7.png]
[paul-themes.com/html/skape/assets/img/portfolio/wide/wide-4-col-8.png]
[paul-themes.com/html/skape/ajax/portfolio-09-load-more.html]
[paul-themes.com/html/skape/work-wide-4-col.html]
[paul-themes.com/html/skape/ajax/portfolio-16-load-more.html]
[paul-themes.com/html/skape/work-tooltip-01.html]
[paul-themes.com/html/skape/work-tooltip-02.html]
[paul-themes.com/html/skape/work-tooltip-02-dark.html]
[paul-themes.com/html/skape/work-carousel-grid.html]
[paul-themes.com/html/skape/work-carousel-masonry.html]
[paul-themes.com/html/skape/assets/img/portfolio/wide/wide-4-col-11.png]
[paul-themes.com/html/skape/work-carousel-wide.html]
[paul-themes.com/html/skape/assets/img/single-work-title-01.png]
[paul-themes.com/html/skape/assets/img/single-work-12.png]
[paul-themes.com/html/skape/assets/img/single-work-13.png]
[paul-themes.com/html/skape/assets/img/single-work-14.png]
[paul-themes.com/html/skape/assets/img/single-work-15.png]
[paul-themes.com/html/skape/assets/img/single-work-16.png]
[paul-themes.com/html/skape/assets/img/testimonials-background.png]
[paul-themes.com/html/skape/assets/img/single-work-17.png]
[paul-themes.com/html/skape/single-work-01.html]
[paul-themes.com/html/skape/assets/img/single-work-title-02.png]
[paul-themes.com/html/skape/example.171.delayed]
[paul-themes.com/html/skape/assets/img/single-work-07.png]
[paul-themes.com/html/skape/assets/img/single-work-08.png]
[paul-themes.com/html/skape/assets/img/single-work-09.png]
[paul-themes.com/html/skape/assets/img/single-work-11.png]
[paul-themes.com/html/skape/assets/img/single-work-10.png]
[paul-themes.com/html/skape/single-work-02.html]
[paul-themes.com/html/skape/assets/img/single-work-01.png]
[paul-themes.com/html/skape/assets/img/single-work-02.png]
[paul-themes.com/html/skape/assets/img/single-work-03.png]
[paul-themes.com/html/skape/assets/img/root/square-plus-pattern-long-small.png]
[paul-themes.com/html/skape/single-work-03.html]
[paul-themes.com/html/skape/assets/img/single-work-04.png]
[paul-themes.com/html/skape/assets/img/single-work-05.png]
[paul-themes.com/html/skape/assets/img/single-work-06.png]
[paul-themes.com/html/skape/single-work-04.html]
[paul-themes.com/html/skape/assets/img/careers-single-background.png]
[paul-themes.com/html/skape/assets/img/careers-single-slider-01.png]
[paul-themes.com/html/skape/assets/img/careers-single-slider-02.png]
[paul-themes.com/html/skape/assets/img/careers-single-slider-03.png]
[paul-themes.com/html/skape/assets/img/root/about-us-red-shape.png]
[paul-themes.com/html/skape/about-us.html]
[paul-themes.com/html/skape/assets/img/about-me-title.png]
[paul-themes.com/html/skape/assets/img/about-me-01.png]
[paul-themes.com/html/skape/assets/img/about-me-02.png]
[paul-themes.com/html/skape/assets/img/about-me-03.png]
[paul-themes.com/html/skape/assets/img/services-background.png]
[paul-themes.com/html/skape/about-me.html]
[paul-themes.com/html/skape/assets/img/service-image-04.png]
[paul-themes.com/html/skape/assets/img/service-image-01.png]
[paul-themes.com/html/skape/assets/img/service-image-05.png]
[paul-themes.com/html/skape/assets/img/service-image-02.png]
[paul-themes.com/html/skape/assets/img/service-image-06.png]
[paul-themes.com/html/skape/assets/img/service-image-03.png]
[paul-themes.com/html/skape/services-01.html]
[paul-themes.com/html/skape/assets/img/service-image-07.png]
[paul-themes.com/html/skape/assets/img/service-box-05.png]
[paul-themes.com/html/skape/assets/img/service-box-06.png]
[paul-themes.com/html/skape/assets/img/service-box-07.png]
[paul-themes.com/html/skape/assets/img/service-box-08.png]
[paul-themes.com/html/skape/services-02.html]
[paul-themes.com/html/skape/assets/img/service-image-08.png]
[paul-themes.com/html/skape/service-single.html]
[paul-themes.com/html/skape/assets/img/careers.png]
[paul-themes.com/html/skape/careers.html]
[paul-themes.com/html/skape/assets/img/careers-single.png]
[paul-themes.com/html/skape/careers-single.html]
[paul-themes.com/html/skape/assets/img/team-member-07.png]
[paul-themes.com/html/skape/assets/img/team-member-05.png]
[paul-themes.com/html/skape/assets/img/team-member-06.png]
[paul-themes.com/html/skape/assets/img/team-member-08.png]
[paul-themes.com/html/skape/assets/img/team-member-09.png]
[paul-themes.com/html/skape/assets/img/team-member-10.png]
[paul-themes.com/html/skape/assets/img/team-member-11.png]
[paul-themes.com/html/skape/our-team.html]
[paul-themes.com/html/skape/assets/img/root/coming-soon-plus-pattern.png]
[paul-themes.com/html/skape/assets/img/coming-soon.png]
[paul-themes.com/html/skape/coming-soon.html]
[paul-themes.com/html/skape/assets/img/root/404-red-shape.png]
[paul-themes.com/html/skape/assets/img/root/404-plus-pattern.png]
[paul-themes.com/html/skape/assets/img/404-image.png]
[paul-themes.com/html/skape/page-404.html]
[paul-themes.com/html/skape/assets/img/blog/grid/grid-1-col-1.png]
[paul-themes.com/html/skape/assets/img/blog/grid/grid-1-col-2.png]
[paul-themes.com/html/skape/assets/img/blog/grid/grid-1-col-3.png]
[paul-themes.com/html/skape/assets/img/blog/grid/grid-1-col-4.png]
[paul-themes.com/html/skape/ajax/blog-07-load-more.html]
[paul-themes.com/html/skape/blog-grid-1-col.html]
[paul-themes.com/html/skape/assets/img/blog/grid/grid-2-col-1.png]
[paul-themes.com/html/skape/assets/img/blog/grid/grid-2-col-2.png]
[paul-themes.com/html/skape/assets/img/blog/grid/grid-2-col-3.png]
[paul-themes.com/html/skape/assets/img/blog/grid/grid-2-col-4.png]
[paul-themes.com/html/skape/ajax/blog-06-load-more.html]
[paul-themes.com/html/skape/blog-grid-2-col.html]
[paul-themes.com/html/skape/assets/img/blog/grid/grid-3-col-5.png]
[paul-themes.com/html/skape/assets/img/blog/grid/grid-3-col-6.png]
[paul-themes.com/html/skape/blog-grid-3-col.html]
[paul-themes.com/html/skape/ajax/blog-05-load-more.html]
[paul-themes.com/html/skape/assets/img/blog/grid/grid-3-col-7.png]
[paul-themes.com/html/skape/assets/img/blog/grid/grid-3-col-8.png]
[paul-themes.com/html/skape/blog-grid-4-col.html]
[paul-themes.com/html/skape/ajax/blog-04-load-more.html]
[paul-themes.com/html/skape/assets/img/blog/masonry/masonry-2-col-1.png]
[paul-themes.com/html/skape/assets/img/blog/masonry/masonry-2-col-2.png]
[paul-themes.com/html/skape/assets/img/blog/masonry/masonry-2-col-3.png]
[paul-themes.com/html/skape/assets/img/blog/masonry/masonry-2-col-4.png]
[paul-themes.com/html/skape/ajax/blog-08-load-more.html]
[paul-themes.com/html/skape/blog-masonry-2-col.html]
[paul-themes.com/html/skape/assets/img/blog/masonry/masonry-3-col-1.png]
[paul-themes.com/html/skape/assets/img/blog/masonry/masonry-3-col-2.png]
[paul-themes.com/html/skape/assets/img/blog/masonry/masonry-3-col-3.png]
[paul-themes.com/html/skape/assets/img/blog/masonry/masonry-3-col-4.png]
[paul-themes.com/html/skape/assets/img/blog/masonry/masonry-3-col-6.png]
[paul-themes.com/html/skape/assets/img/blog/masonry/masonry-3-col-5.png]
[paul-themes.com/html/skape/blog-masonry-3-col.html]
[paul-themes.com/html/skape/ajax/blog-09-load-more.html]
[paul-themes.com/html/skape/assets/img/blog/masonry/masonry-3-col-7.png]
[paul-themes.com/html/skape/assets/img/blog/masonry/masonry-3-col-8.png]
[paul-themes.com/html/skape/ajax/blog-10-load-more.html]
[paul-themes.com/html/skape/blog-masonry-4-col.html]
[paul-themes.com/html/skape/assets/img/blog-title.png]
[paul-themes.com/html/skape/assets/img/blog/listing/blog-listing-1.png]
[paul-themes.com/html/skape/assets/img/blog/listing/blog-listing-2.png]
[paul-themes.com/html/skape/assets/img/blog/listing/blog-listing-3.png]
[paul-themes.com/html/skape/assets/img/blog/listing/blog-listing-4.png]
[paul-themes.com/html/skape/ajax/blog-02-load-more.html]
[paul-themes.com/html/skape/blog-listing.html]
[paul-themes.com/html/skape/assets/img/blog/default/blog-default-1.png]
[paul-themes.com/html/skape/assets/img/blog/default/blog-default-2.png]
[paul-themes.com/html/skape/assets/img/blog/default/blog-default-3.png]
[paul-themes.com/html/skape/ajax/blog-01-load-more.html]
[paul-themes.com/html/skape/assets/img/sidebar-about-image.png]
[paul-themes.com/html/skape/assets/img/recent-posts-01.png]
[paul-themes.com/html/skape/assets/img/recent-posts-02.png]
[paul-themes.com/html/skape/assets/img/recent-posts-03.png]
[paul-themes.com/html/skape/assets/img/recent-posts-04.png]
[paul-themes.com/html/skape/assets/img/instagram/image-05.png]
[paul-themes.com/html/skape/assets/img/instagram/image-06.png]
[paul-themes.com/html/skape/blog-right-sidebar.html]
[paul-themes.com/html/skape/ajax/blog-03-load-more.html]
[paul-themes.com/html/skape/blog-tooltip.html]
[paul-themes.com/html/skape/assets/img/single-post-media-01.png]
[paul-themes.com/html/skape/assets/img/single-post-media-05.png]
[paul-themes.com/html/skape/assets/img/justified-gallery-01.png]
[paul-themes.com/html/skape/assets/img/justified-gallery-02.png]
[paul-themes.com/html/skape/assets/img/justified-gallery-03.png]
[paul-themes.com/html/skape/assets/img/about-author.png]
[paul-themes.com/html/skape/assets/img/comment-01.png]
[paul-themes.com/html/skape/assets/img/comment-02.png]
[paul-themes.com/html/skape/assets/img/comment-03.png]
[paul-themes.com/html/skape/single-post-01.html]
[paul-themes.com/html/skape/assets/img/single-post-media-02.png]
[paul-themes.com/html/skape/assets/img/single-post-media-07.png]
[paul-themes.com/html/skape/assets/img/single-post-media-08.png]
[paul-themes.com/html/skape/assets/img/single-post-media-09.png]
[paul-themes.com/html/skape/assets/img/single-post-media-06.png]
[paul-themes.com/html/skape/single-post-02.html]
[paul-themes.com/html/skape/assets/img/single-post-media-03.png]
[paul-themes.com/html/skape/single-post-03.html]
[paul-themes.com/html/skape/assets/img/single-post-media-04.png]
[paul-themes.com/html/skape/single-post-04.html]
[paul-themes.com/html/skape/assets/img/contact-office-01.png]
[paul-themes.com/html/skape/assets/img/contact-office-02.png]
[paul-themes.com/html/skape/assets/img/contact-office-03.png]
[paul-themes.com/html/skape/contact-01.html]
[paul-themes.com/html/skape/assets/img/contact-page-title.png]
[paul-themes.com/html/skape/contact-02.html]
[paul-themes.com/html/skape/assets/fonts/Swansea/swansea-webfont.html]
[paul-themes.com/html/skape/assets/fonts/Swansea/swansea_bold-webfont.html]
[paul-themes.com/html/skape/assets/fonts/Skape/fonts/Skape3c13.svg]
[paul-themes.com/html/skape/assets/fonts/Socicons/Sociconb8b7.html]
[paul-themes.com/html/skape/assets/fonts/Socicons/Sociconb8b7.svg]
[paul-themes.com/html/skape/assets/revo/fonts/revicons/revicons90c6.html]
[paul-themes.com/html/skape/assets/revo/fonts/revicons/revicons90c6-2.html]
[paul-themes.com/html/skape/assets/revo/fonts/revicons/revicons90c6-3.html]
[paul-themes.com/html/skape/assets/revo/fonts/revicons/revicons90c6-4.html]
[paul-themes.com/html/skape/assets/revo/css/openhand.html]
[paul-themes.com/html/skape/assets/revo/css/closedhand.html]
[paul-themes.com/html/skape/assets/revo/assets/gridtile.html]
[paul-themes.com/html/skape/assets/revo/assets/gridtile_white.html]
[paul-themes.com/html/skape/assets/revo/assets/gridtile_3x3.html]
[paul-themes.com/html/skape/assets/revo/assets/gridtile_3x3_white.html]
[paul-themes.com/html/skape/contact-us.html]
[paul-themes.com/html/skape/ajax/assets/img/portfolio/asymmetric/work-asymmetric-5.1e7.delayed]
[paul-themes.com/html/skape/ajax/assets/img/portfolio/asymmetric/work-asymmetric-6.png]
[paul-themes.com/html/skape/ajax/portfolio-13-load-more.html]
[paul-themes.com/html/skape/ajax/assets/img/portfolio/asymmetric/work-asymmetric-13.png]
[paul-themes.com/html/skape/ajax/assets/img/portfolio/asymmetric/work-asymmetric-14.png]
[paul-themes.com/html/skape/ajax/portfolio-14-load-more.html]
[paul-themes.com/html/skape/ajax/assets/img/portfolio/asymmetric/work-asymmetric-20.png]
[paul-themes.com/html/skape/ajax/portfolio-15-load-more.html]
[paul-themes.com/html/skape/ajax/assets/img/portfolio/masonry/masonry-1-col-4.png]
[paul-themes.com/html/skape/ajax/assets/img/portfolio/masonry/masonry-1-col-6.png]
[paul-themes.com/html/skape/ajax/portfolio-08-load-more.html]
[paul-themes.com/html/skape/ajax/assets/img/portfolio/masonry/masonry-4-col-5.png]
[paul-themes.com/html/skape/ajax/assets/img/portfolio/masonry/masonry-4-col-7.png]
[paul-themes.com/html/skape/ajax/portfolio-07-load-more.html]
[paul-themes.com/html/skape/ajax/assets/img/portfolio/masonry/masonry-4-col-9.png]
[paul-themes.com/html/skape/ajax/assets/img/portfolio/masonry/masonry-4-col-10.png]
[paul-themes.com/html/skape/ajax/portfolio-06-load-more.html]
[paul-themes.com/html/skape/ajax/portfolio-05-load-more.html]
[paul-themes.com/html/skape/ajax/assets/img/portfolio/grid/grid-1-col-4.png]
[paul-themes.com/html/skape/ajax/assets/img/portfolio/grid/grid-1-col-5.png]
[paul-themes.com/html/skape/ajax/portfolio-04-load-more.html]
[paul-themes.com/html/skape/ajax/assets/img/portfolio/grid/grid-2-col-5.png]
[paul-themes.com/html/skape/ajax/assets/img/portfolio/grid/grid-2-col-6.png]
[paul-themes.com/html/skape/ajax/portfolio-03-load-more.html]
[paul-themes.com/html/skape/ajax/assets/img/portfolio/grid/grid-4-col-7.png]
[paul-themes.com/html/skape/ajax/assets/img/portfolio/grid/grid-4-col-8.png]
[paul-themes.com/html/skape/ajax/portfolio-02-load-more.html]
[paul-themes.com/html/skape/ajax/assets/img/portfolio/grid/grid-4-col-9.png]
[paul-themes.com/html/skape/ajax/assets/img/portfolio/grid/grid-4-col-10.png]
[paul-themes.com/html/skape/ajax/portfolio-01-load-more.html]
[paul-themes.com/html/skape/ajax/assets/img/portfolio/wide/wide-1-col-4.png]
[paul-themes.com/html/skape/ajax/assets/img/portfolio/wide/wide-1-col-5.png]
[paul-themes.com/html/skape/ajax/portfolio-12-load-more.html]
[paul-themes.com/html/skape/ajax/assets/img/portfolio/wide/wide-4-col-5.png]
[paul-themes.com/html/skape/ajax/assets/img/portfolio/wide/wide-4-col-6.png]
[paul-themes.com/html/skape/ajax/portfolio-11-load-more.html]
[paul-themes.com/html/skape/ajax/assets/img/portfolio/wide/wide-4-col-7.png]
[paul-themes.com/html/skape/ajax/assets/img/portfolio/wide/wide-4-col-8.png]
[paul-themes.com/html/skape/ajax/portfolio-10-load-more.html]
[paul-themes.com/html/skape/ajax/assets/img/portfolio/wide/wide-4-col-9.png]
[paul-themes.com/html/skape/ajax/assets/img/portfolio/wide/wide-4-col-10.png]
[paul-themes.com/html/skape/ajax/portfolio-09-load-more.html]
[paul-themes.com/html/skape/ajax/assets/img/portfolio/tooltip/work-tooltip-07.png]
[paul-themes.com/html/skape/ajax/assets/img/portfolio/tooltip/work-tooltip-08.png]
[paul-themes.com/html/skape/ajax/portfolio-16-load-more.html]
[paul-themes.com/html/skape/example.html]
[paul-themes.com/html/skape/ajax/assets/img/blog/grid/grid-1-col-5.png]
[paul-themes.com/html/skape/ajax/blog-07-load-more.html]
[paul-themes.com/html/skape/ajax/assets/img/blog/grid/grid-2-col-5.png]
[paul-themes.com/html/skape/ajax/assets/img/blog/grid/grid-2-col-6.png]
[paul-themes.com/html/skape/ajax/blog-06-load-more.html]
[paul-themes.com/html/skape/ajax/assets/img/blog/grid/grid-3-col-7.png]
[paul-themes.com/html/skape/ajax/assets/img/blog/grid/grid-3-col-8.png]
[paul-themes.com/html/skape/ajax/blog-05-load-more.html]
[paul-themes.com/html/skape/ajax/assets/img/blog/grid/grid-3-col-9.png]
[paul-themes.com/html/skape/ajax/assets/img/blog/grid/grid-3-col-10.png]
[paul-themes.com/html/skape/ajax/blog-04-load-more.html]
[paul-themes.com/html/skape/ajax/assets/img/blog/masonry/masonry-2-col-5.png]
[paul-themes.com/html/skape/ajax/assets/img/blog/masonry/masonry-2-col-6.png]
[paul-themes.com/html/skape/ajax/blog-08-load-more.html]
[paul-themes.com/html/skape/ajax/assets/img/blog/masonry/masonry-3-col-7.png]
[paul-themes.com/html/skape/ajax/assets/img/blog/masonry/masonry-3-col-8.png]
[paul-themes.com/html/skape/ajax/assets/img/blog/masonry/masonry-3-col-9.png]
[paul-themes.com/html/skape/ajax/blog-09-load-more.html]
[paul-themes.com/html/skape/ajax/assets/img/blog/masonry/masonry-3-col-10.png]
[paul-themes.com/html/skape/ajax/assets/img/blog/masonry/masonry-3-col-11.png]
[paul-themes.com/html/skape/ajax/assets/img/blog/masonry/masonry-3-col-12.png]
[paul-themes.com/html/skape/ajax/blog-10-load-more.html]
[paul-themes.com/html/skape/ajax/assets/img/blog/listing/blog-listing-5.png]
[paul-themes.com/html/skape/ajax/blog-02-load-more.html]
[paul-themes.com/html/skape/ajax/assets/img/blog/default/blog-default-4.png]
[paul-themes.com/html/skape/ajax/blog-01-load-more.html]
[paul-themes.com/html/skape/ajax/assets/img/blog/grid/grid-3-col-5.png]
[paul-themes.com/html/skape/ajax/assets/img/blog/grid/grid-3-col-6.png]
[paul-themes.com/html/skape/ajax/blog-03-load-more.html]
[paul-themes.com/html/skape/ajax/assets/img/portfolio/asymmetric/work-asymmetric-5.html]
[paul-themes.com/html/skape/ajax/assets/img/portfolio/asymmetric/work-asymmetric-6.html]
[paul-themes.com/html/skape/ajax/assets/img/portfolio/asymmetric/work-asymmetric-13.html]
[paul-themes.com/html/skape/ajax/assets/img/portfolio/asymmetric/work-asymmetric-14.html]
[paul-themes.com/html/skape/ajax/assets/img/portfolio/asymmetric/work-asymmetric-20.html]
[paul-themes.com/html/skape/ajax/assets/img/portfolio/masonry/masonry-1-col-4.html]
[paul-themes.com/html/skape/ajax/assets/img/portfolio/masonry/masonry-1-col-6.html]
[paul-themes.com/html/skape/ajax/assets/img/portfolio/masonry/masonry-4-col-5.html]
[paul-themes.com/html/skape/ajax/assets/img/portfolio/masonry/masonry-4-col-7.html]
[paul-themes.com/html/skape/ajax/assets/img/portfolio/masonry/masonry-4-col-9.html]
[paul-themes.com/html/skape/ajax/assets/img/portfolio/masonry/masonry-4-col-10.html]
[paul-themes.com/html/skape/ajax/assets/img/portfolio/grid/grid-1-col-4.html]
[paul-themes.com/html/skape/ajax/assets/img/portfolio/grid/grid-1-col-5.html]
[paul-themes.com/html/skape/ajax/assets/img/portfolio/grid/grid-2-col-5.html]
[paul-themes.com/html/skape/ajax/assets/img/portfolio/grid/grid-2-col-6.html]
[paul-themes.com/html/skape/ajax/assets/img/portfolio/grid/grid-4-col-7.html]
[paul-themes.com/html/skape/ajax/assets/img/portfolio/grid/grid-4-col-8.html]
[paul-themes.com/html/skape/ajax/assets/img/portfolio/grid/grid-4-col-9.html]
[paul-themes.com/html/skape/ajax/assets/img/portfolio/grid/grid-4-col-10.html]
[paul-themes.com/html/skape/ajax/assets/img/portfolio/wide/wide-1-col-4.html]
[paul-themes.com/html/skape/ajax/assets/img/portfolio/wide/wide-1-col-5.html]
[paul-themes.com/html/skape/ajax/assets/img/portfolio/wide/wide-4-col-5.html]
[paul-themes.com/html/skape/ajax/assets/img/portfolio/wide/wide-4-col-6.html]
[paul-themes.com/html/skape/ajax/assets/img/portfolio/wide/wide-4-col-7.html]
[paul-themes.com/html/skape/ajax/assets/img/portfolio/wide/wide-4-col-8.html]
[paul-themes.com/html/skape/ajax/assets/img/portfolio/wide/wide-4-col-9.html]
[paul-themes.com/html/skape/ajax/assets/img/portfolio/wide/wide-4-col-10.html]
[paul-themes.com/html/skape/ajax/assets/img/portfolio/tooltip/work-tooltip-07.html]
[paul-themes.com/html/skape/ajax/assets/img/portfolio/tooltip/work-tooltip-08.html]
[paul-themes.com/html/skape/ajax/assets/img/blog/grid/grid-1-col-5.html]
[paul-themes.com/html/skape/ajax/assets/img/blog/grid/grid-2-col-5.html]
[paul-themes.com/html/skape/ajax/assets/img/blog/grid/grid-2-col-6.html]
[paul-themes.com/html/skape/ajax/assets/img/blog/grid/grid-3-col-7.html]
[paul-themes.com/html/skape/ajax/assets/img/blog/grid/grid-3-col-8.html]
[paul-themes.com/html/skape/ajax/assets/img/blog/grid/grid-3-col-9.html]
[paul-themes.com/html/skape/ajax/assets/img/blog/grid/grid-3-col-10.html]
[paul-themes.com/html/skape/ajax/assets/img/blog/masonry/masonry-2-col-5.html]
[paul-themes.com/html/skape/ajax/assets/img/blog/masonry/masonry-2-col-6.html]
[paul-themes.com/html/skape/ajax/assets/img/blog/masonry/masonry-3-col-7.html]
[paul-themes.com/html/skape/ajax/assets/img/blog/masonry/masonry-3-col-8.html]
[paul-themes.com/html/skape/ajax/assets/img/blog/masonry/masonry-3-col-9.html]
[paul-themes.com/html/skape/ajax/assets/img/blog/masonry/masonry-3-col-10.html]
[paul-themes.com/html/skape/ajax/assets/img/blog/masonry/masonry-3-col-11.html]
[paul-themes.com/html/skape/ajax/assets/img/blog/masonry/masonry-3-col-12.html]
[paul-themes.com/html/skape/ajax/assets/img/blog/listing/blog-listing-5.html]
[paul-themes.com/html/skape/ajax/assets/img/blog/default/blog-default-4.html]
[paul-themes.com/html/skape/ajax/assets/img/blog/grid/grid-3-col-5.html]
[paul-themes.com/html/skape/ajax/assets/img/blog/grid/grid-3-col-6.html]
